
Running 4 tests using 4 workers

  ✘  2 [chromium] › e2e/client-dashboard.spec.ts:26:7 › Client Dashboard - Multiple Load Tests › Load Test #1 - Verify dashboard loads with content (16.6s)
  ✘  4 [chromium] › e2e/client-dashboard.spec.ts:92:7 › Client Dashboard - Multiple Load Tests › Load Test #3 - Verify dashboard loads with content (16.6s)
  ✘  1 [chromium] › e2e/client-dashboard.spec.ts:56:7 › Client Dashboard - Multiple Load Tests › Load Test #2 - Verify dashboard loads with content (16.7s)
  ✘  3 [chromium] › e2e/client-dashboard.spec.ts:129:7 › Client Dashboard - Multiple Load Tests › Comprehensive Dashboard Content Check (16.7s)


  1) [chromium] › e2e/client-dashboard.spec.ts:26:7 › Client Dashboard - Multiple Load Tests › Load Test #1 - Verify dashboard loads with content 

    TimeoutError: page.waitForURL: Timeout 15000ms exceeded.
    =========================== logs ===========================
    waiting for navigation until "load"
      navigated to "http://localhost:3005/auth/login?redirect_url=http%3A%2F%2F0.0.0.0%3A3005%2Fdashboard%2Fclient"
    ============================================================

      21 |
      22 |     // Wait for redirect to dashboard
    > 23 |     await page.waitForURL(/\/dashboard/, { timeout: 15000 });
         |                ^
      24 |   });
      25 |
      26 |   test('Load Test #1 - Verify dashboard loads with content', async ({ page }) => {
        at /root/websites/taxgeniuspro/e2e/client-dashboard.spec.ts:23:16

    attachment #1: screenshot (image/png) ──────────────────────────────────────────────────────────
    test-results/client-dashboard-Client-Da-c879b-ashboard-loads-with-content-chromium/test-failed-1.png
    ────────────────────────────────────────────────────────────────────────────────────────────────

    Error Context: test-results/client-dashboard-Client-Da-c879b-ashboard-loads-with-content-chromium/error-context.md

  2) [chromium] › e2e/client-dashboard.spec.ts:56:7 › Client Dashboard - Multiple Load Tests › Load Test #2 - Verify dashboard loads with content 

    TimeoutError: page.waitForURL: Timeout 15000ms exceeded.
    =========================== logs ===========================
    waiting for navigation until "load"
      navigated to "http://localhost:3005/auth/login?redirect_url=http%3A%2F%2F0.0.0.0%3A3005%2Fdashboard%2Fclient"
    ============================================================

      21 |
      22 |     // Wait for redirect to dashboard
    > 23 |     await page.waitForURL(/\/dashboard/, { timeout: 15000 });
         |                ^
      24 |   });
      25 |
      26 |   test('Load Test #1 - Verify dashboard loads with content', async ({ page }) => {
        at /root/websites/taxgeniuspro/e2e/client-dashboard.spec.ts:23:16

    attachment #1: screenshot (image/png) ──────────────────────────────────────────────────────────
    test-results/client-dashboard-Client-Da-5ef06-ashboard-loads-with-content-chromium/test-failed-1.png
    ────────────────────────────────────────────────────────────────────────────────────────────────

    Error Context: test-results/client-dashboard-Client-Da-5ef06-ashboard-loads-with-content-chromium/error-context.md

  3) [chromium] › e2e/client-dashboard.spec.ts:92:7 › Client Dashboard - Multiple Load Tests › Load Test #3 - Verify dashboard loads with content 

    TimeoutError: page.waitForURL: Timeout 15000ms exceeded.
    =========================== logs ===========================
    waiting for navigation until "load"
      navigated to "http://localhost:3005/auth/login?redirect_url=http%3A%2F%2F0.0.0.0%3A3005%2Fdashboard%2Fclient"
    ============================================================

      21 |
      22 |     // Wait for redirect to dashboard
    > 23 |     await page.waitForURL(/\/dashboard/, { timeout: 15000 });
         |                ^
      24 |   });
      25 |
      26 |   test('Load Test #1 - Verify dashboard loads with content', async ({ page }) => {
        at /root/websites/taxgeniuspro/e2e/client-dashboard.spec.ts:23:16

    attachment #1: screenshot (image/png) ──────────────────────────────────────────────────────────
    test-results/client-dashboard-Client-Da-9c974-ashboard-loads-with-content-chromium/test-failed-1.png
    ────────────────────────────────────────────────────────────────────────────────────────────────

    Error Context: test-results/client-dashboard-Client-Da-9c974-ashboard-loads-with-content-chromium/error-context.md

  4) [chromium] › e2e/client-dashboard.spec.ts:129:7 › Client Dashboard - Multiple Load Tests › Comprehensive Dashboard Content Check 

    TimeoutError: page.waitForURL: Timeout 15000ms exceeded.
    =========================== logs ===========================
    waiting for navigation until "load"
      navigated to "http://localhost:3005/auth/login?redirect_url=http%3A%2F%2F0.0.0.0%3A3005%2Fdashboard%2Fclient"
    ============================================================

      21 |
      22 |     // Wait for redirect to dashboard
    > 23 |     await page.waitForURL(/\/dashboard/, { timeout: 15000 });
         |                ^
      24 |   });
      25 |
      26 |   test('Load Test #1 - Verify dashboard loads with content', async ({ page }) => {
        at /root/websites/taxgeniuspro/e2e/client-dashboard.spec.ts:23:16

    attachment #1: screenshot (image/png) ──────────────────────────────────────────────────────────
    test-results/client-dashboard-Client-Da-baae1-ive-Dashboard-Content-Check-chromium/test-failed-1.png
    ────────────────────────────────────────────────────────────────────────────────────────────────

    Error Context: test-results/client-dashboard-Client-Da-baae1-ive-Dashboard-Content-Check-chromium/error-context.md

  4 failed
    [chromium] › e2e/client-dashboard.spec.ts:26:7 › Client Dashboard - Multiple Load Tests › Load Test #1 - Verify dashboard loads with content 
    [chromium] › e2e/client-dashboard.spec.ts:56:7 › Client Dashboard - Multiple Load Tests › Load Test #2 - Verify dashboard loads with content 
    [chromium] › e2e/client-dashboard.spec.ts:92:7 › Client Dashboard - Multiple Load Tests › Load Test #3 - Verify dashboard loads with content 
    [chromium] › e2e/client-dashboard.spec.ts:129:7 › Client Dashboard - Multiple Load Tests › Comprehensive Dashboard Content Check 
